<html>
<body>
<pre>
<h1>µVision Build Log</h1>
<h2>Tool Versions:</h2>
IDE-Version: ¦ÌVision V5.25.2.0
Copyright (C) 2018 ARM Ltd and ARM Germany GmbH. All rights reserved.
License Information: X FASTSHIFT, Hewlett-Packard, LIC=SDA12-9VXTQ-9U74U-SYVYF-7CGL3-UHJMX
 
Tool Versions:
Toolchain:       MDK-ARM Plus  Version: 5.25.2.0
Toolchain Path:  D:\Keil_v5\ARM\ARMCC\Bin
C Compiler:      Armcc.exe V5.06 update 6 (build 750)
Assembler:       Armasm.exe V5.06 update 6 (build 750)
Linker/Locator:  ArmLink.exe V5.06 update 6 (build 750)
Library Manager: ArmAr.exe V5.06 update 6 (build 750)
Hex Converter:   FromElf.exe V5.06 update 6 (build 750)
CPU DLL:         SARMCM3.DLL V5.25.2.0
Dialog DLL:      DCM.DLL V1.17.1.0
Target DLL:      STLink\ST-LINKIII-KEIL_SWO.dll V3.0.1.0
Dialog DLL:      TCM.DLL V1.35.1.0
 
<h2>Project:</h2>
T:\DESIGN\GitHub\X-CTRL\Transmitters\X_CTRL_STM32F4xx\X_CTRL_PRO\USER\Pro.uvprojx
Project File Date:  09/20/2019

<h2>Output:</h2>
*** Using Compiler 'V5.06 update 6 (build 750)', folder: 'D:\Keil_v5\ARM\ARMCC\Bin'
*** Warning: Using Microlib and C++ file(s) might cause the linker to fail !
  
Build target 'Project'
compiling dtostrf.c...
compiling itoa.c...
compiling Print.cpp...
compiling Arduino.c...
compiling WString.cpp...
compiling Stream.cpp...
compiling WMath.cpp...
compiling HardwareSerial.cpp...
compiling WireBase.cpp...
compiling Wire.cpp...
compiling SPI.cpp...
compiling Tone.cpp...
compiling Adafruit_GFX.cpp...
compiling GTIIC.cpp...
compiling GT911.cpp...
compiling StrPrinter.cpp...
compiling NRF.cpp...
compiling TFT_ILI9488.cpp...
compiling touch.cpp...
compiling adc.c...
compiling delay.c...
compiling exti.c...
compiling gpio.c...
compiling rng.c...
compiling pwm.c...
compiling timer.c...
compiling ComBasic.cpp...
compiling main.cpp...
..\Source\Basic\main.cpp(4): warning:  #177-D: function "Task_Debug"  was declared but never referenced
  static void Task_Debug(void *pvParameters)
..\Source\Basic\main.cpp: 1 warning, 0 errors
compiling lv_disp.c...
compiling lv_group.c...
compiling ComHandshake.cpp...
compiling lv_indev.c...
compiling lv_refr.c...
compiling lv_obj.c...
compiling lv_draw.c...
compiling lv_style.c...
compiling lv_draw_arc.c...
compiling lv_draw_basic.c...
compiling lv_draw_img.c...
compiling lv_draw_label.c...
compiling lv_draw_triangle.c...
compiling lv_draw_line.c...
compiling lv_img_cache.c...
compiling lv_img_decoder.c...
compiling lv_font.c...
compiling lv_draw_rect.c...
compiling lv_font_fmt_txt.c...
compiling lv_font_roboto_12.c...
compiling lv_font_roboto_16.c...
compiling lv_font_roboto_22.c...
compiling lv_font_roboto_28.c...
compiling lv_font_unscii_8.c...
compiling lv_hal_disp.c...
compiling lv_hal_indev.c...
compiling lv_anim.c...
compiling lv_area.c...
compiling lv_async.c...
compiling lv_circ.c...
compiling lv_hal_tick.c...
compiling lv_color.c...
compiling lv_gc.c...
compiling lv_fs.c...
compiling lv_ll.c...
compiling lv_log.c...
compiling lv_math.c...
compiling lv_mem.c...
compiling lv_templ.c...
compiling lv_task.c...
compiling lv_utils.c...
compiling lv_txt.c...
compiling lv_arc.c...
compiling lv_bar.c...
compiling lv_btn.c...
compiling lv_btnm.c...
compiling lv_canvas.c...
compiling lv_calendar.c...
compiling lv_cb.c...
compiling lv_cont.c...
compiling lv_chart.c...
compiling lv_ddlist.c...
compiling lv_gauge.c...
compiling lv_imgbtn.c...
compiling lv_img.c...
compiling lv_kb.c...
compiling lv_led.c...
compiling lv_label.c...
compiling lv_line.c...
compiling lv_list.c...
compiling lv_lmeter.c...
compiling lv_mbox.c...
compiling lv_objx_templ.c...
compiling lv_preload.c...
compiling lv_page.c...
compiling lv_roller.c...
compiling lv_slider.c...
compiling lv_spinbox.c...
compiling lv_sw.c...
compiling lv_table.c...
compiling lv_ta.c...
compiling lv_tabview.c...
compiling lv_tileview.c...
compiling lv_win.c...
compiling lv_theme.c...
compiling lv_theme_default.c...
compiling lv_theme_material.c...
compiling lv_theme_alien.c...
compiling lv_theme_mono.c...
compiling lv_theme_nemo.c...
compiling lv_theme_night.c...
compiling lv_theme_templ.c...
compiling lv_theme_zen.c...
compiling lv_user.cpp...
compiling DisplayBasic.cpp...
compiling demo.c...
compiling lv_user_fs.cpp...
compiling LuaBasic.cpp...
compiling img_bubble_pattern.c...
compiling LuaScript.cpp...
compiling Page_LuaScript.cpp...
compiling LuaTime.cpp...
compiling croutine.c...
compiling LuaGPIO.cpp...
compiling heap_2.c...
compiling list.c...
compiling port.c...
compiling queue.c...
compiling tasks.c...
compiling timers.c...
compiling lapi.c...
compiling lbaselib.c...
compiling lauxlib.c...
compiling lbitlib.c...
compiling lcorolib.c...
compiling lctype.c...
compiling lcode.c...
compiling ldblib.c...
compiling ldebug.c...
compiling ldump.c...
compiling lfunc.c...
compiling ldo.c...
compiling linit.c...
compiling lgc.c...
compiling liolib.c...
compiling lmem.c...
compiling lmathlib.c...
compiling llex.c...
compiling lopcodes.c...
compiling loadlib.c...
compiling lobject.c...
compiling lstate.c...
compiling lparser.c...
compiling lstring.c...
compiling loslib.c...
compiling ltable.c...
compiling ltablib.c...
compiling ltm.c...
compiling lstrlib.c...
compiling lundump.c...
compiling lutf8lib.c...
compiling lzio.c...
compiling FatFile.cpp...
compiling FatFileLFN.cpp...
compiling FatFileSFN.cpp...
compiling FatFilePrint.cpp...
compiling FmtNumber.cpp...
compiling lvm.c...
compiling FatVolume.cpp...
compiling fstream.cpp...
compiling istream.cpp...
compiling ostream.cpp...
compiling StdioStream.cpp...
compiling SdSpiCard.cpp...
compiling SdSpiCardEX.cpp...
compiling SdSpiSTM32.cpp...
compiling misc.c...
compiling MinimumSerial.cpp...
compiling stm32f4xx_adc.c...
compiling stm32f4xx_crc.c...
compiling stm32f4xx_dac.c...
compiling stm32f4xx_dma.c...
compiling stm32f4xx_exti.c...
compiling stm32f4xx_flash.c...
compiling stm32f4xx_gpio.c...
compiling stm32f4xx_i2c.c...
compiling stm32f4xx_rcc.c...
compiling stm32f4xx_rng.c...
compiling stm32f4xx_spi.c...
compiling stm32f4xx_syscfg.c...
assembling startup_stm32f40_41xxx.s...
compiling stm32f4xx_tim.c...
compiling stm32f4xx_usart.c...
compiling system_stm32f4xx.c...
linking...
Program Size: Code=217004 RO-data=26972 RW-data=4164 ZI-data=134396  
FromELF: creating hex file...
"..\OBJ\Pro.axf" - 0 Error(s), 1 Warning(s).

<h2>Software Packages used:</h2>

Package Vendor: ARM
                http://www.keil.com/pack/ARM.CMSIS.5.5.1.pack
                ARM.CMSIS.5.5.1
                CMSIS (Cortex Microcontroller Software Interface Standard)
   * Component: CORE Version: 5.2.0

Package Vendor: Keil
                http://www.keil.com/pack/Keil.STM32F4xx_DFP.1.0.8.pack
                Keil.STM32F4xx_DFP.1.0.8
                STMicroelectronics STM32F4 Series Device Support, Drivers and Examples
   * Component: Startup Version: 1.3.1
   * Component: ADC Version: 1.3.0
   * Component: CRC Version: 1.3.0
   * Component: DAC Version: 1.3.0
   * Component: DMA Version: 1.3.0
   * Component: EXTI Version: 1.3.0
   * Component: Flash Version: 1.3.0
   * Component: Framework Version: 1.3.1
   * Component: GPIO Version: 1.3.0
   * Component: I2C Version: 1.3.0
   * Component: RCC Version: 1.3.0
   * Component: RNG Version: 1.3.0
   * Component: SPI Version: 1.3.0
   * Component: SYSCFG Version: 1.3.0
   * Component: TIM Version: 1.3.0
   * Component: USART Version: 1.3.0

<h2>Collection of Component include folders:</h2>
  .\RTE\Device\STM32F405RG
  .\RTE\_Project
  D:\Keil_v5\ARM\PACK\ARM\CMSIS\5.5.1\CMSIS\Core\Include
  D:\Keil_v5\ARM\PACK\Keil\STM32F4xx_DFP\1.0.8\Device\Include
  D:\Keil_v5\ARM\PACK\Keil\STM32F4xx_DFP\1.0.8\Device\StdPeriph_Driver\inc

<h2>Collection of Component Files used:</h2>

   * Component: ARM::CMSIS:CORE:5.2.0

   * Component: Keil::Device:Startup:1.3.1
      Include file:  Device\Include\stm32f4xx.h
      Source file:   Device\Source\ARM\STM32F40xxx_41xxx_OPT.s
      Source file:   Device\Source\ARM\startup_stm32f40_41xxx.s
      Source file:   Device\Source\ARM\STM32F4xx_OTP.s
      Include file:  RTE_Driver\Config\RTE_Device.h
      Source file:   Device\Source\system_stm32f4xx.c

   * Component: Keil::Device:StdPeriph Drivers:ADC:1.3.0
      Include file:  Device\StdPeriph_Driver\inc\stm32f4xx_adc.h
      Source file:   Device\StdPeriph_Driver\src\stm32f4xx_adc.c

   * Component: Keil::Device:StdPeriph Drivers:CRC:1.3.0
      Include file:  Device\StdPeriph_Driver\inc\stm32f4xx_crc.h
      Source file:   Device\StdPeriph_Driver\src\stm32f4xx_crc.c

   * Component: Keil::Device:StdPeriph Drivers:DAC:1.3.0
      Include file:  Device\StdPeriph_Driver\inc\stm32f4xx_dac.h
      Source file:   Device\StdPeriph_Driver\src\stm32f4xx_dac.c

   * Component: Keil::Device:StdPeriph Drivers:DMA:1.3.0
      Source file:   Device\StdPeriph_Driver\src\stm32f4xx_dma.c
      Include file:  Device\StdPeriph_Driver\inc\stm32f4xx_dma.h

   * Component: Keil::Device:StdPeriph Drivers:EXTI:1.3.0
      Include file:  Device\StdPeriph_Driver\inc\stm32f4xx_exti.h
      Source file:   Device\StdPeriph_Driver\src\stm32f4xx_exti.c

   * Component: Keil::Device:StdPeriph Drivers:Flash:1.3.0
      Include file:  Device\StdPeriph_Driver\inc\stm32f4xx_flash.h
      Source file:   Device\StdPeriph_Driver\src\stm32f4xx_flash.c

   * Component: Keil::Device:StdPeriph Drivers:Framework:1.3.1
      Source file:   Device\StdPeriph_Driver\templates\stm32f4xx_conf.h
      Include file:  Device\StdPeriph_Driver\templates\stm32f4xx_it.h
      Source file:   Device\StdPeriph_Driver\src\misc.c
      Source file:   Device\StdPeriph_Driver\templates\stm32f4xx_it.c

   * Component: Keil::Device:StdPeriph Drivers:GPIO:1.3.0
      Include file:  Device\StdPeriph_Driver\inc\stm32f4xx_gpio.h
      Source file:   Device\StdPeriph_Driver\src\stm32f4xx_gpio.c

   * Component: Keil::Device:StdPeriph Drivers:I2C:1.3.0
      Include file:  Device\StdPeriph_Driver\inc\stm32f4xx_i2c.h
      Source file:   Device\StdPeriph_Driver\src\stm32f4xx_i2c.c

   * Component: Keil::Device:StdPeriph Drivers:RCC:1.3.0
      Source file:   Device\StdPeriph_Driver\src\stm32f4xx_rcc.c
      Include file:  Device\StdPeriph_Driver\inc\stm32f4xx_rcc.h

   * Component: Keil::Device:StdPeriph Drivers:RNG:1.3.0
      Source file:   Device\StdPeriph_Driver\src\stm32f4xx_rng.c
      Include file:  Device\StdPeriph_Driver\inc\stm32f4xx_rng.h

   * Component: Keil::Device:StdPeriph Drivers:SPI:1.3.0
      Include file:  Device\StdPeriph_Driver\inc\stm32f4xx_spi.h
      Source file:   Device\StdPeriph_Driver\src\stm32f4xx_spi.c

   * Component: Keil::Device:StdPeriph Drivers:SYSCFG:1.3.0
      Include file:  Device\StdPeriph_Driver\inc\stm32f4xx_syscfg.h
      Source file:   Device\StdPeriph_Driver\src\stm32f4xx_syscfg.c

   * Component: Keil::Device:StdPeriph Drivers:TIM:1.3.0
      Include file:  Device\StdPeriph_Driver\inc\stm32f4xx_tim.h
      Source file:   Device\StdPeriph_Driver\src\stm32f4xx_tim.c

   * Component: Keil::Device:StdPeriph Drivers:USART:1.3.0
      Source file:   Device\StdPeriph_Driver\src\stm32f4xx_usart.c
      Include file:  Device\StdPeriph_Driver\inc\stm32f4xx_usart.h
Build Time Elapsed:  00:00:49
</pre>
</body>
</html>
